"pressure_monitor-rfile"
"Time Step" "pressure_monitor etc.."
("Time Step" "pressure_monitor" "flow-time")
0 0 0
1 76417968 0.001
2 -583.817626953125 0.002
3 2596.926025390625 0.003
4 6869.76904296875 0.004
5 9619.6630859375 0.005
6 11561.0615234375 0.006
7 12937.1767578125 0.007
8 14010.4677734375 0.008
9 14811.4267578125 0.009000000000000001
10 15402.62109375 0.01
11 15886.314453125 0.011
12 16283.3154296875 0.012
13 16601.587890625 0.013
14 16842.533203125 0.014
15 17095.7421875 0.015
16 17318.9921875 0.016
17 17527.787109375 0.017
18 17737.13671875 0.018
19 17944.494140625 0.019
20 18148.638671875 0.02
21 18350.509765625 0.021
22 18563.0859375 0.022
23 18765.240234375 0.023
24 18963.783203125 0.024
25 19152.15234375 0.025
26 19333.23046875 0.026
27 19510.845703125 0.027
28 19679.896484375 0.028
29 19820.3125 0.029
30 19937.361328125 0.03
31 20034.16015625 0.031
32 20104.26171875 0.032
33 20170.28125 0.033
34 20197.6015625 0.034
35 20191.8203125 0.035
36 20163.0703125 0.036
37 20103.771484375 0.037
38 20013.919921875 0.038
39 19901.498046875 0.039
40 19766.005859375 0.04
41 19614.89453125 0.041
42 19437.404296875 0.042
43 19238.84375 0.043
44 19062.9296875 0.044
45 18825.404296875 0.045
46 18575.1171875 0.046
47 18313.8671875 0.047
48 18047.884765625 0.048
49 17781.12890625 0.049
50 17509.140625 0.05
51 17245.78515625 0.051
52 17057.33984375 0.052
53 16715.490234375 0.053
54 16540.615234375 0.054
55 16308.4638671875 0.055
56 16067.9453125 0.056
57 15831.029296875 0.057
58 15611.712890625 0.058
59 15401.7880859375 0.059
60 15197.859375 0.06
61 14999.6953125 0.061
62 14816.7626953125 0.062
63 14644.4814453125 0.063
64 14484.35546875 0.064
65 14323.259765625 0.065
66 14152.4814453125 0.066
67 13977.525390625 0.067
68 13784.701171875 0.068
69 13695.5244140625 0.06900000000000001
70 13530.84765625 0.07000000000000001
71 13343.9150390625 0.07100000000000001
72 13135.2197265625 0.07200000000000001
73 12940.09375 0.073
74 12733.3291015625 0.074
75 12516.8056640625 0.075
76 12272.583984375 0.076
77 12003.31640625 0.077
78 11712.6513671875 0.078
79 11423.041015625 0.079
80 11133.759765625 0.08
81 10842.1767578125 0.081
82 10545.3896484375 0.082
83 10244.357421875 0.083
84 9938.287109375 0.08400000000000001
85 9636.75390625 0.08500000000000001
86 9348.1240234375 0.08600000000000001
87 9066.078125 0.08700000000000001
88 8789.5986328125 0.08799999999999999
89 8515.0810546875 0.089
90 8255.529296875 0.09
91 8015.298828125 0.091
92 7795.91015625 0.092
93 7599.9130859375 0.093
94 7426.96630859375 0.094
95 7265.20166015625 0.095
96 7124.36865234375 0.096
97 6992.30810546875 0.097
98 6872.919921875 0.098
99 6760.77783203125 0.099
100 6658.638671875 0.1
101 6572.9365234375 0.101
102 6489.2890625 0.102
103 6394.88232421875 0.103
104 6290.0244140625 0.104
105 6187.5732421875 0.105
106 6078.8623046875 0.106
107 5959.17041015625 0.107
108 5829.28564453125 0.108
109 5693.94775390625 0.109
110 5551.00830078125 0.11
111 5406.2216796875 0.111
112 5262.34228515625 0.112
113 5118.66943359375 0.113
114 4972.79150390625 0.114
115 4824.55712890625 0.115
116 4674.59619140625 0.116
117 4509.68505859375 0.117
118 4324.43359375 0.118
119 4126.0498046875 0.119
120 3925.201904296875 0.12
121 3724.251953125 0.121
122 3525.723388671875 0.122
123 3333.4208984375 0.123
124 3149.80615234375 0.124
125 2974.543212890625 0.125
126 2807.17431640625 0.126
127 2647.435791015625 0.127
128 2494.711181640625 0.128
129 2349.111572265625 0.129
130 2210.7294921875 0.13
131 2081.41943359375 0.131
132 1960.248901367188 0.132
133 1846.46484375 0.133
134 1740.845825195312 0.134
135 1641.16357421875 0.135
136 1549.814331054688 0.136
137 1466.874389648438 0.137
138 1392.515869140625 0.138
139 1326.245239257812 0.139
140 1268.805053710938 0.14
141 1220.705810546875 0.141
142 1181.980102539062 0.142
143 1151.439453125 0.143
144 1128.231567382812 0.144
145 1110.985473632812 0.145
146 1099.615966796875 0.146
147 1095.854858398438 0.147
148 1099.497314453125 0.148
149 1109.65625 0.149
150 1123.109008789062 0.15
151 1138.242309570312 0.151
152 1152.559936523438 0.152
153 1166.032470703125 0.153
154 1180.639404296875 0.154
155 1196.911865234375 0.155
156 1215.144409179688 0.156
157 1233.982788085938 0.157
158 1253.383544921875 0.158
159 1272.166259765625 0.159
160 1286.27783203125 0.16
161 1294.8681640625 0.161
162 1301.968505859375 0.162
163 1307.276000976562 0.163
164 1310.713745117188 0.164
165 1312.094604492188 0.165
166 1310.961181640625 0.166
167 1306.43115234375 0.167
168 1298.60009765625 0.168
169 1287.53857421875 0.169
170 1328.245849609375 0.17
171 1341.755004882812 0.171
172 1327.056640625 0.172
173 1301.91259765625 0.173
174 1272.176879882812 0.174
175 1239.406494140625 0.175
176 1203.87646484375 0.176
177 1165.044311523438 0.177
178 1123.390014648438 0.178
179 1077.961547851562 0.179
180 1028.0595703125 0.18
181 973.9019165039062 0.181
182 914.9953002929688 0.182
183 849.77001953125 0.183
184 790.7481079101562 0.184
185 732.230712890625 0.185
186 671.9945678710938 0.186
187 610.5431518554688 0.187
188 548.8588256835938 0.188
189 486.0610046386719 0.189
190 423.1595153808594 0.19
191 360.0335083007812 0.191
192 296.6859741210938 0.192
193 233.3478393554688 0.193
194 170.0138854980469 0.194
195 106.343505859375 0.195
196 41.73106384277344 0.196
197 -23.93904113769531 0.197
198 -90.33184814453125 0.198
199 -157.6095886230469 0.199
200 -224.0807495117188 0.2
201 -295.1556396484375 0.201
202 -368.3121948242188 0.202
203 -446.8004150390625 0.203
204 -529.6817016601562 0.204
205 -614.9743041992188 0.205
206 -703.7670288085938 0.206
207 -790.1481323242188 0.207
208 -880.1292724609375 0.208
209 -974.7181396484375 0.209
210 -1072.767822265625 0.21
211 -1172.5498046875 0.211
212 -1273.25537109375 0.212
213 -1373.972290039062 0.213
214 -1473.99365234375 0.214
215 -1573.6640625 0.215
216 -1672.691162109375 0.216
217 -1770.2421875 0.217
218 -1869.083862304688 0.218
219 -1967.51220703125 0.219
220 -2065.02685546875 0.22
221 -2161.1572265625 0.221
222 -2256.32080078125 0.222
223 -2350.8662109375 0.223
224 -2445.65234375 0.224
225 -2542.129150390625 0.225
226 -2640.150634765625 0.226
227 -2737.04736328125 0.227
228 -2834.783935546875 0.228
229 -2933.0126953125 0.229
230 -3032.1708984375 0.23
231 -3134.81787109375 0.231
232 -3239.00537109375 0.232
233 -3345.64794921875 0.233
234 -3455.134765625 0.234
235 -3566.181640625 0.235
236 -3678.107666015625 0.236
237 -3791.16455078125 0.237
238 -3905.43212890625 0.238
239 -4020.660400390625 0.239
240 -4138.40380859375 0.24
241 -4260.12841796875 0.241
242 -4395.85107421875 0.242
243 -4553.0615234375 0.243
244 -4722.755859375 0.244
245 -4901.30859375 0.245
246 -5085.970703125 0.246
247 -5276.66748046875 0.247
248 -5474.0322265625 0.248
249 -5679.201171875 0.249
250 -5893.40185546875 0.25
251 -6115.24951171875 0.251
252 -6344.68408203125 0.252
253 -6580.685546875 0.253
254 -6824.8818359375 0.254
255 -7074.443359375 0.255
256 -7327.68310546875 0.256
257 -7588.47119140625 0.257
258 -7854.38232421875 0.258
259 -8124.60009765625 0.259
260 -8400.9462890625 0.26
261 -8679.6064453125 0.261
262 -8959.4521484375 0.262
263 -9240.6865234375 0.263
264 -9522.87109375 0.264
265 -9805.5947265625 0.265
266 -10090.255859375 0.266
267 -10377.234375 0.267
268 -10664.4189453125 0.268
269 -10949.6435546875 0.269
270 -11234.873046875 0.27
271 -11520.505859375 0.271
272 -11812.482421875 0.272
273 -12131.0966796875 0.273
274 -12463.5703125 0.274
275 -12796.3779296875 0.275
276 -13123.3701171875 0.276
277 -13442.556640625 0.277
278 -13753.3310546875 0.278
279 -14055.9453125 0.279
280 -14349.5 0.28
281 -14632.625 0.281
282 -14905.046875 0.282
283 -15164.564453125 0.283
284 -15410.9365234375 0.284
285 -15646.5810546875 0.285
286 -15871.7880859375 0.286
287 -16091.2666015625 0.287
288 -16304.615234375 0.288
289 -16509.75 0.289
290 -16702.265625 0.29
291 -16880.6171875 0.291
292 -17044.236328125 0.292
293 -17198.7890625 0.293
294 -17344.337890625 0.294
295 -17480.369140625 0.295
296 -17604.673828125 0.296
297 -17719.77734375 0.297
298 -17823.70703125 0.298
299 -17914.23828125 0.299
300 -17993.927734375 0.3
301 -18061.435546875 0.301
302 -18116.4140625 0.302
303 -18159.1328125 0.303
304 -18190.115234375 0.304
305 -18209.228515625 0.305
306 -18215.947265625 0.306
307 -18209.9453125 0.307
308 -18191.126953125 0.308
309 -18159.671875 0.309
310 -18115.9296875 0.31
311 -18060.947265625 0.311
312 -17994.083984375 0.312
313 -17914.69921875 0.313
314 -17820.91796875 0.314
315 -17714.71875 0.315
316 -17596.5234375 0.316
317 -17464.7734375 0.317
318 -17320.08984375 0.318
319 -17166.26953125 0.319
320 -17007.66015625 0.32
321 -16843.388671875 0.321
322 -16672.255859375 0.322
323 -16493.51171875 0.323
324 -16306.4423828125 0.324
325 -16110.7880859375 0.325
326 -15905.8896484375 0.326
327 -15695.4306640625 0.327
328 -15481.751953125 0.328
329 -15263.9248046875 0.329
330 -15042.056640625 0.33
331 -14816.4140625 0.331
332 -14587.0927734375 0.332
333 -14354.6171875 0.333
334 -14121.716796875 0.334
335 -13891.4677734375 0.335
336 -13658.12890625 0.336
337 -13421.3779296875 0.337
338 -13182.4658203125 0.338
339 -12942.447265625 0.339
340 -12701.7099609375 0.34
341 -12461.4482421875 0.341
342 -12221.779296875 0.342
343 -11981.63671875 0.343
344 -11742.3095703125 0.344
345 -11504.5078125 0.345
346 -11269.9345703125 0.346
347 -11039.708984375 0.347
348 -10814.05859375 0.348
349 -10593.1328125 0.349
350 -10377.494140625 0.35
351 -10168.2080078125 0.351
352 -9965.4052734375 0.352
353 -9768.9599609375 0.353
354 -9578.9853515625 0.354
355 -9394.5673828125 0.355
356 -9216.046875 0.356
357 -9042.4296875 0.357
358 -8870.0751953125 0.358
359 -8700.2744140625 0.359
360 -8534.34765625 0.36
361 -8371.9345703125 0.361
362 -8214.431640625 0.362
363 -8063.74560546875 0.363
364 -7920.611328125 0.364
365 -7785.20068359375 0.365
366 -7657.42431640625 0.366
367 -7537.1328125 0.367
368 -7425.03369140625 0.368
369 -7321.72216796875 0.369
370 -7226.56396484375 0.37
371 -7138.9609375 0.371
372 -7058.892578125 0.372
373 -6986.373046875 0.373
374 -6921.81982421875 0.374
375 -6864.93701171875 0.375
376 -6815.4384765625 0.376
377 -6773.18896484375 0.377
378 -6737.39892578125 0.378
379 -6707.99169921875 0.379
380 -6684.60546875 0.38
381 -6668.25830078125 0.381
382 -6659.16259765625 0.382
383 -6658.0185546875 0.383
384 -6664.83642578125 0.384
385 -6679.41796875 0.385
386 -6700.95849609375 0.386
387 -6729.296875 0.387
388 -6764.63232421875 0.388
389 -6806.25830078125 0.389
390 -6849.3759765625 0.39
391 -6892.57568359375 0.391
392 -6938.74462890625 0.392
393 -6989.44091796875 0.393
394 -7045.37841796875 0.394
395 -7106.6123046875 0.395
396 -7173.392578125 0.396
397 -7245.7958984375 0.397
398 -7323.7685546875 0.398
399 -7407.2333984375 0.399
400 -7495.2646484375 0.4
401 -7584.53759765625 0.401
402 -7668.9208984375 0.402
403 -7750.67724609375 0.403
404 -7833.40380859375 0.404
405 -7918.9169921875 0.405
406 -8008.13525390625 0.406
407 -8101.97314453125 0.407
408 -8200.759765625 0.408
409 -8303.595703125 0.409
410 -8409.78515625 0.41
411 -8519.5830078125 0.411
412 -8633.046875 0.412
413 -8749.150390625 0.413
414 -8867.271484375 0.414
415 -8986.86328125 0.415
416 -9108.068359375 0.416
417 -9230.8408203125 0.417
418 -9354.4736328125 0.418
419 -9478.6376953125 0.419
420 -9603.259765625 0.42
421 -9728.3583984375 0.421
422 -9854.0849609375 0.422
423 -9980.658203125 0.423
424 -10107.791015625 0.424
425 -10234.357421875 0.425
426 -10359.7578125 0.426
427 -10485.1796875 0.427
428 -10611.01953125 0.428
429 -10737.275390625 0.429
430 -10863.7373046875 0.43
431 -10990.306640625 0.431
432 -11117.091796875 0.432
433 -11243.3388671875 0.433
434 -11368.0859375 0.434
435 -11492.455078125 0.435
436 -11617.3798828125 0.436
437 -11743.294921875 0.437
438 -11870.6181640625 0.438
439 -11999.4423828125 0.439
440 -12129.78515625 0.44
441 -12262.216796875 0.441
442 -12395.05859375 0.442
443 -12529.369140625 0.443
444 -12665.2958984375 0.444
445 -12803.5908203125 0.445
446 -12942.884765625 0.446
447 -13083.302734375 0.447
448 -13225.4423828125 0.448
449 -13369.7353515625 0.449
450 -13516.2421875 0.45
451 -13664.9248046875 0.451
452 -13815.5859375 0.452
453 -13968.337890625 0.453
454 -14123.0634765625 0.454
455 -14279.7158203125 0.455
456 -14438.173828125 0.456
457 -14598.2109375 0.457
458 -14759.5927734375 0.458
459 -14922.21875 0.459
460 -15084.74609375 0.46
461 -15251.087890625 0.461
462 -15417.9052734375 0.462
463 -15582.6201171875 0.463
464 -15743.8388671875 0.464
465 -15904.4091796875 0.465
466 -16065.552734375 0.466
467 -16227.791015625 0.467
468 -16391.34765625 0.468
469 -16555.921875 0.469
470 -16720.94921875 0.47
471 -16886.654296875 0.471
472 -17052.958984375 0.472
473 -17219.70703125 0.473
474 -17386.8828125 0.474
475 -17555.185546875 0.475
476 -17724.5546875 0.476
477 -17894.466796875 0.477
478 -18064.765625 0.478
479 -18235.30078125 0.479
480 -18405.83984375 0.48
481 -18577.52734375 0.481
482 -18752.6640625 0.482
483 -18929.66796875 0.483
484 -19107.095703125 0.484
485 -19283.8203125 0.485
486 -19460.755859375 0.486
487 -19634.390625 0.487
488 -19807.158203125 0.488
489 -19979.419921875 0.489
490 -20150.736328125 0.49
491 -20320.310546875 0.491
492 -20488.05859375 0.492
493 -20653.677734375 0.493
494 -20817.546875 0.494
495 -20979.271484375 0.495
496 -21139.294921875 0.496
497 -21296.69140625 0.497
498 -21451.291015625 0.498
499 -21603.337890625 0.499
500 -21752.6640625 0.5
