"transient_cd-rfile"
"Time Step" "transient_cd etc.."
("Time Step" "transient_cd" "flow-time")
0 0 0
1 0.03253466928423196 0.001
2 0.0001441598986063399 0.002
3 0.001380437662367188 0.003
4 0.001714755721829298 0.004
5 0.001573225393109147 0.005
6 0.00161535328422465 0.006
7 0.001445660248541956 0.007
8 0.001352988010422664 0.008
9 0.00141112334252092 0.009000000000000001
10 0.001507761830829958 0.01
11 0.001572049806440393 0.011
12 0.001763265408530359 0.012
13 0.002109400769371653 0.013
14 0.002413497152879707 0.014
15 0.002916026383619545 0.015
16 0.003378252650711722 0.016
17 0.003828234754044916 0.017
18 0.004441443151190458 0.018
19 0.004945455602536174 0.019
20 0.005379668111284614 0.02
21 0.005870145126892334 0.021
22 0.006537904767654258 0.022
23 0.007085124354635809 0.023
24 0.007586353765369963 0.024
25 0.008034517735983049 0.025
26 0.008359378336044327 0.026
27 0.008896717857274392 0.027
28 0.009579939163201186 0.028
29 0.01024404758221471 0.029
30 0.01089693884290956 0.03
31 0.01154537826420122 0.031
32 0.01215796019086824 0.032
33 0.01283999958889968 0.033
34 0.01359439722219755 0.034
35 0.0143394245213951 0.035
36 0.01497011661715536 0.036
37 0.01542910167927472 0.037
38 0.01589759136269607 0.038
39 0.01641853971353891 0.039
40 0.01698000935927356 0.04
41 0.01759287696655278 0.041
42 0.01818569946864608 0.042
43 0.01867996667362752 0.043
44 0.01904016105792136 0.044
45 0.01943306828529411 0.045
46 0.01987650324925628 0.046
47 0.02033670189798885 0.047
48 0.02079810656582855 0.048
49 0.02124582633436562 0.049
50 0.02165202672788992 0.05
51 0.02196998894969279 0.051
52 0.02220654409673546 0.052
53 0.02251963137151398 0.053
54 0.02279347840323222 0.054
55 0.02312005648890583 0.055
56 0.02350881796662243 0.056
57 0.02394355668228831 0.057
58 0.02442894367225538 0.058
59 0.02495423779234557 0.059
60 0.02550868226957009 0.06
61 0.02604991881977931 0.061
62 0.02657857779041055 0.062
63 0.02711115620757924 0.063
64 0.02768918652847244 0.064
65 0.02829429314887051 0.065
66 0.02890114159207006 0.066
67 0.02954602301837217 0.067
68 0.03024284708109963 0.068
69 0.03084526425705067 0.06900000000000001
70 0.03151195283681908 0.07000000000000001
71 0.03221042304714255 0.07100000000000001
72 0.03293798960113439 0.07200000000000001
73 0.03369437098859175 0.073
74 0.03448247345494499 0.074
75 0.03530651953901737 0.075
76 0.03616039238091638 0.076
77 0.03704584368105811 0.077
78 0.0379636710887061 0.078
79 0.03892129731567294 0.079
80 0.03991501717837871 0.08
81 0.04093802458225532 0.081
82 0.0419861572515406 0.082
83 0.04305260058329843 0.083
84 0.04414163696441323 0.08400000000000001
85 0.04524990850791218 0.08500000000000001
86 0.04636066821997428 0.08600000000000001
87 0.04748269448710332 0.08700000000000001
88 0.04861815606231806 0.08799999999999999
89 0.04976667546365679 0.089
90 0.05092652504177362 0.09
91 0.05209464086711736 0.091
92 0.05326370996829531 0.092
93 0.05442353776951815 0.093
94 0.05557490278807269 0.094
95 0.05670167355128699 0.095
96 0.05780603014182321 0.096
97 0.05890256070545438 0.097
98 0.0599931999383442 0.098
99 0.06107114891830247 0.099
100 0.0621310220666209 0.1
101 0.06317259493995847 0.101
102 0.06419805370953632 0.102
103 0.06520861306526031 0.103
104 0.06620312701971448 0.104
105 0.06718717627461966 0.105
106 0.06816484024846238 0.106
107 0.06913275897163071 0.107
108 0.07008590100521724 0.108
109 0.07102198763596396 0.109
110 0.07194384219800928 0.11
111 0.0728554526676907 0.111
112 0.07375958211008889 0.112
113 0.07465740082215801 0.113
114 0.07554851740153558 0.114
115 0.07643038657639709 0.115
116 0.07730347003549881 0.116
117 0.07817215745240792 0.117
118 0.0790386966010654 0.118
119 0.07990303986875122 0.119
120 0.0807646841191859 0.12
121 0.08162329982094682 0.121
122 0.08248210865966901 0.122
123 0.08334442985621016 0.123
124 0.08421107896586084 0.124
125 0.08508164803173504 0.125
126 0.08595343972070257 0.126
127 0.08682401597665163 0.127
128 0.08769367177851464 0.128
129 0.08856543751293683 0.129
130 0.08944021943444835 0.13
131 0.0903170620807966 0.131
132 0.09119539649233581 0.132
133 0.09207498900228046 0.133
134 0.09295609178211461 0.134
135 0.09383707360886213 0.135
136 0.09471717838561115 0.136
137 0.0955962080196871 0.137
138 0.09647349791843361 0.138
139 0.09734754547439778 0.139
140 0.09821781604985289 0.14
141 0.09908478560601407 0.141
142 0.09994700892755227 0.142
143 0.1008038016581054 0.143
144 0.1016531947127511 0.144
145 0.1024913521713623 0.145
146 0.1033181333154335 0.146
147 0.104132725354334 0.147
148 0.104935638305261 0.148
149 0.1057267337790962 0.149
150 0.1065044536687292 0.15
151 0.1072685946930983 0.151
152 0.1080191008686258 0.152
153 0.1087545346142215 0.153
154 0.1094740494127961 0.154
155 0.1101761625416717 0.155
156 0.1108620125994352 0.156
157 0.111533255675566 0.157
158 0.1121903628857642 0.158
159 0.1128311720262559 0.159
160 0.1134542555532513 0.16
161 0.1140592768804601 0.161
162 0.1146459815153085 0.162
163 0.1152150376503682 0.163
164 0.1157666953727933 0.164
165 0.1163019780436559 0.165
166 0.1168211517271016 0.166
167 0.1173217303630273 0.167
168 0.1178044229947435 0.168
169 0.118269214869515 0.169
170 0.1186154235725414 0.17
171 0.1189795096651771 0.171
172 0.119343790768602 0.172
173 0.1196986226485308 0.173
174 0.1200383505359795 0.174
175 0.1203615242527306 0.175
176 0.1206681309039229 0.176
177 0.1209564384114991 0.177
178 0.1212260520810461 0.178
179 0.1214761568386289 0.179
180 0.1217078812636927 0.18
181 0.1219209181500963 0.181
182 0.1221152348019812 0.182
183 0.1222920878770316 0.183
184 0.1224517835973929 0.184
185 0.1225924171938818 0.185
186 0.1227136162251739 0.186
187 0.1228157754035435 0.187
188 0.1228993312948493 0.188
189 0.1229647577723973 0.189
190 0.1230128611837891 0.19
191 0.1230437450558157 0.191
192 0.1230564702036249 0.192
193 0.123050749092417 0.193
194 0.1230265488809114 0.194
195 0.1229850851331142 0.195
196 0.1229277948193459 0.196
197 0.1228545513241498 0.197
198 0.1227649737816786 0.198
199 0.1226602962786583 0.199
200 0.1225407896073617 0.2
201 0.1224056880314465 0.201
202 0.1222556672384759 0.202
203 0.1220906136732884 0.203
204 0.1219105333385299 0.204
205 0.1217160083012307 0.205
206 0.1215081470595547 0.206
207 0.121287031842541 0.207
208 0.1210509670495993 0.208
209 0.1207986965224181 0.209
210 0.1205304358227512 0.21
211 0.1202457841086418 0.211
212 0.1199446962415004 0.212
213 0.1196267686939267 0.213
214 0.1192914243155163 0.214
215 0.1189396820911641 0.215
216 0.1185716589923746 0.216
217 0.1181869225375705 0.217
218 0.117785619079262 0.218
219 0.117367089887083 0.219
220 0.1169332318898403 0.22
221 0.1164848358329377 0.221
222 0.116022017222519 0.222
223 0.1155402532574696 0.223
224 0.1150389060367684 0.224
225 0.114519804317382 0.225
226 0.1139858213024657 0.226
227 0.113439766527852 0.227
228 0.1128831557001376 0.228
229 0.1123176532627555 0.229
230 0.1117446147915125 0.23
231 0.1111629779212139 0.231
232 0.1105730800306975 0.232
233 0.1099753887820597 0.233
234 0.1093707837354328 0.234
235 0.1087615460332535 0.235
236 0.1081485533418379 0.236
237 0.1075318355361173 0.237
238 0.10691103009822 0.238
239 0.1062857934296717 0.239
240 0.1056572856994144 0.24
241 0.1050257602480624 0.241
242 0.1043918040544222 0.242
243 0.1037566232501363 0.243
244 0.1031218021850621 0.244
245 0.1024868630594138 0.245
246 0.1018513357756168 0.246
247 0.1012152721405909 0.247
248 0.1005785408841722 0.248
249 0.09994251866589331 0.249
250 0.0993081188445467 0.25
251 0.09867655529713597 0.251
252 0.09804728628978768 0.252
253 0.09741972968466074 0.253
254 0.09679472767444215 0.254
255 0.09617337535205459 0.255
256 0.09555639245416163 0.256
257 0.09494401377777024 0.257
258 0.09433745679611012 0.258
259 0.09373567549368655 0.259
260 0.09313840641741054 0.26
261 0.09254523291304781 0.261
262 0.09195577475864859 0.262
263 0.09136928810319411 0.263
264 0.09078518061426213 0.264
265 0.09020283161823958 0.265
266 0.08962116092153533 0.266
267 0.0890389319939498 0.267
268 0.0884552510836404 0.268
269 0.08786791852084791 0.269
270 0.08727454604103309 0.27
271 0.08667466303513804 0.271
272 0.0860685980309501 0.272
273 0.08545646297680221 0.273
274 0.08483830422040042 0.274
275 0.08421386340918591 0.275
276 0.08358251749099233 0.276
277 0.08294240854800777 0.277
278 0.08229352049194001 0.278
279 0.0816353483542115 0.279
280 0.08096790602871508 0.28
281 0.08028983375433439 0.281
282 0.07960041183012093 0.282
283 0.07889962051351983 0.283
284 0.07818801895408382 0.284
285 0.0774666770550916 0.285
286 0.0767345332414915 0.286
287 0.07599275451307087 0.287
288 0.07524017625780551 0.288
289 0.0744774679993845 0.289
290 0.07370476405381832 0.29
291 0.0729233952581637 0.291
292 0.07213137559213779 0.292
293 0.07133135534866178 0.293
294 0.07052357207513206 0.294
295 0.06970905295638259 0.295
296 0.06888796709575432 0.296
297 0.06806302049911916 0.297
298 0.06723340737020472 0.298
299 0.06639970368904424 0.299
300 0.0655640773775561 0.3
301 0.06472623410173722 0.301
302 0.06388654923972825 0.302
303 0.06304528276237931 0.303
304 0.06220245293956642 0.304
305 0.0613582136506968 0.305
306 0.06051282625871407 0.306
307 0.05966748886182225 0.307
308 0.05882376261071186 0.308
309 0.05798300765194406 0.309
310 0.05714569603980561 0.31
311 0.05631174640875716 0.311
312 0.05548123919437058 0.312
313 0.05465487485097944 0.313
314 0.05383340132489692 0.314
315 0.05301716762948844 0.315
316 0.05220474070265921 0.316
317 0.05139720919864632 0.317
318 0.05059611974861775 0.318
319 0.0498014264300745 0.319
320 0.04901285639043827 0.32
321 0.04823108540194 0.321
322 0.04745664222428157 0.322
323 0.04668939290662832 0.323
324 0.04592935790735291 0.324
325 0.04517763018074249 0.325
326 0.0444347090116868 0.326
327 0.04370078970160228 0.327
328 0.04297664723847328 0.328
329 0.04226285061466628 0.329
330 0.04155988568310352 0.33
331 0.04086816536863545 0.331
332 0.04018792481374676 0.332
333 0.0395197280590079 0.333
334 0.03886311098136603 0.334
335 0.03821926912954106 0.335
336 0.03758890409366078 0.336
337 0.03697314507620062 0.337
338 0.0363724321367943 0.338
339 0.03578785496380428 0.339
340 0.0352202347245553 0.34
341 0.03466969026901746 0.341
342 0.03413682601113561 0.342
343 0.03362202905601975 0.343
344 0.03312537386507541 0.344
345 0.0326474210227736 0.345
346 0.03218924817321525 0.346
347 0.03175115283831576 0.347
348 0.03133290378164916 0.348
349 0.0309346922964306 0.349
350 0.0305568379469853 0.35
351 0.03019986421243443 0.351
352 0.02986494781458579 0.352
353 0.02955188308900866 0.353
354 0.02926027161911571 0.354
355 0.02899023682150243 0.355
356 0.02874192903169567 0.356
357 0.02851489221711482 0.357
358 0.02830968088605238 0.358
359 0.02812676059747661 0.359
360 0.02796605337686493 0.36
361 0.02782699824482346 0.361
362 0.02770860364816917 0.362
363 0.02760997014932312 0.363
364 0.02753063184628176 0.364
365 0.0274702021220983 0.365
366 0.02742824807917878 0.366
367 0.02740380853505799 0.367
368 0.02739627633122932 0.368
369 0.02740517905563284 0.369
370 0.02743003368929129 0.37
371 0.02747005074179889 0.371
372 0.02752456884351621 0.372
373 0.02759262109608251 0.373
374 0.02767327899909925 0.374
375 0.02776668307820255 0.375
376 0.02787364334917814 0.376
377 0.02799372449986945 0.377
378 0.02812623161645015 0.378
379 0.02827036972000131 0.379
380 0.02842556053366238 0.38
381 0.02859099536864948 0.381
382 0.02876608088355908 0.382
383 0.02895009002075621 0.383
384 0.02914225742001328 0.384
385 0.02934179274869376 0.385
386 0.02954835761310003 0.386
387 0.02976207917734963 0.387
388 0.02998246187621963 0.388
389 0.03020883565401719 0.389
390 0.03044112700287226 0.39
391 0.03067870702258553 0.391
392 0.03092081514642093 0.392
393 0.03116692371523103 0.393
394 0.03141660584918564 0.394
395 0.03166956886417067 0.395
396 0.0319253189479962 0.396
397 0.03218328153468519 0.397
398 0.03244314014289812 0.398
399 0.03270472870974515 0.399
400 0.03296804423850476 0.4
401 0.03323343519003859 0.401
402 0.03350090627785032 0.402
403 0.03376971145789252 0.403
404 0.03403943197009283 0.404
405 0.03431002663446178 0.405
406 0.03458140019365257 0.406
407 0.03485309756116424 0.407
408 0.0351248193943928 0.408
409 0.03539608944920827 0.409
410 0.035666546022763 0.41
411 0.03593613274381368 0.411
412 0.03620407812457944 0.412
413 0.03646958381488492 0.413
414 0.03673230126800413 0.414
415 0.03699230189584097 0.415
416 0.03724962682689891 0.416
417 0.03750359556140029 0.417
418 0.03775391945489968 0.418
419 0.03800031566569056 0.419
420 0.03824231868616107 0.42
421 0.03847925952299201 0.421
422 0.038710376175167 0.422
423 0.03893611315163642 0.423
424 0.03915604412376611 0.424
425 0.03936958079052461 0.425
426 0.03957617983575574 0.426
427 0.03977496672583446 0.427
428 0.03996539223078633 0.428
429 0.04014741713115479 0.429
430 0.04032089266621448 0.43
431 0.04048584688952073 0.431
432 0.04064254533316606 0.432
433 0.04079080456757538 0.433
434 0.04092984808312176 0.434
435 0.04105931110276486 0.435
436 0.04117926183036415 0.436
437 0.0412898874331228 0.437
438 0.0413913199926992 0.438
439 0.04148338523407115 0.439
440 0.04156581509964816 0.44
441 0.04163872522513318 0.441
442 0.04170208979789065 0.442
443 0.04175626064079108 0.443
444 0.04180138156241551 0.444
445 0.0418373391487307 0.445
446 0.04186394563372763 0.446
447 0.04188084044033147 0.447
448 0.0418879061110508 0.448
449 0.04188498500167027 0.449
450 0.04187216883960736 0.45
451 0.04184950946530266 0.451
452 0.04181724518229023 0.452
453 0.04177568261561939 0.453
454 0.04172419997969829 0.454
455 0.04166238206798866 0.455
456 0.04159077135015593 0.456
457 0.041509743196924 0.457
458 0.04141955764680246 0.458
459 0.04132074358288412 0.459
460 0.04121325862848531 0.46
461 0.04109689666223153 0.461
462 0.04097135014533997 0.462
463 0.04083702815867829 0.463
464 0.0406945926732931 0.464
465 0.04054434164536189 0.465
466 0.04038641809416159 0.466
467 0.04022097452592277 0.467
468 0.04004866211834953 0.468
469 0.03986980530372679 0.469
470 0.03968442264310713 0.47
471 0.03949271642659712 0.471
472 0.0392950063029141 0.472
473 0.03909165681565727 0.473
474 0.03888330913679817 0.474
475 0.03867067254283644 0.475
476 0.03845432271828318 0.476
477 0.03823480524952889 0.477
478 0.0380123363740373 0.478
479 0.03778716126490876 0.479
480 0.03755982349031954 0.48
481 0.03733083612949544 0.481
482 0.03710029615198231 0.482
483 0.03686833983560958 0.483
484 0.03663522876820424 0.484
485 0.03640123859161071 0.485
486 0.03616659094768448 0.486
487 0.03593205736122002 0.487
488 0.03569752050881347 0.488
489 0.0354633732748051 0.489
490 0.03522988509841928 0.49
491 0.03499763354902686 0.491
492 0.0347675109698058 0.492
493 0.03453947937710799 0.493
494 0.03431429291061695 0.494
495 0.03409241811221939 0.495
496 0.03387384955198187 0.496
497 0.03365893917633188 0.497
498 0.03344783024311004 0.498
499 0.03324090617456487 0.499
500 0.03303832268728867 0.5
