"velocity_monitor-rfile"
"Time Step" "velocity_monitor etc.."
("Time Step" "velocity_monitor" "flow-time")
0 0 0
1 49.75129699707031 0.001
2 49.75011444091797 0.002
3 49.74617767333984 0.003
4 49.74137878417969 0.004
5 49.73561477661133 0.005
6 49.72898101806641 0.006
7 49.7215461730957 0.007
8 49.71339797973633 0.008
9 49.70459365844727 0.009000000000000001
10 49.69516754150391 0.01
11 49.68518447875977 0.011
12 49.6746711730957 0.012
13 49.66366195678711 0.013
14 49.65219116210938 0.014
15 49.64034271240234 0.015
16 49.62824630737305 0.016
17 49.61602401733398 0.017
18 49.60391998291016 0.018
19 49.59220123291016 0.019
20 49.58124160766602 0.02
21 49.57143783569336 0.021
22 49.56331634521484 0.022
23 49.55742263793945 0.023
24 49.55430603027344 0.024
25 49.55453109741211 0.025
26 49.55860900878906 0.026
27 49.56703186035156 0.027
28 49.58022689819336 0.028
29 49.59850692749023 0.029
30 49.62208938598633 0.03
31 49.65100479125977 0.031
32 49.68528747558594 0.032
33 49.7248420715332 0.033
34 49.76939392089844 0.034
35 49.8186149597168 0.035
36 49.87210845947266 0.036
37 49.92942428588867 0.037
38 49.99007797241211 0.038
39 50.05354309082031 0.039
40 50.11929321289062 0.04
41 50.18684387207031 0.041
42 50.25572967529297 0.042
43 50.32548141479492 0.043
44 50.39538192749023 0.044
45 50.46535110473633 0.045
46 50.53504180908203 0.046
47 50.60416030883789 0.047
48 50.67244720458984 0.048
49 50.73972320556641 0.049
50 50.80595397949219 0.05
51 50.87101745605469 0.051
52 50.93417358398438 0.052
53 50.99671173095703 0.053
54 51.05731201171875 0.054
55 51.11660766601562 0.055
56 51.17449951171875 0.056
57 51.23088455200195 0.057
58 51.28564071655273 0.058
59 51.33863830566406 0.059
60 51.38970184326172 0.06
61 51.43867111206055 0.061
62 51.48537063598633 0.062
63 51.52956390380859 0.063
64 51.57097625732422 0.064
65 51.60931396484375 0.065
66 51.64427185058594 0.066
67 51.67559432983398 0.067
68 51.70296096801758 0.068
69 51.72553253173828 0.06900000000000001
70 51.744140625 0.07000000000000001
71 51.75865936279297 0.07100000000000001
72 51.76885986328125 0.07200000000000001
73 51.77457427978516 0.073
74 51.77569961547852 0.074
75 51.772216796875 0.075
76 51.76424026489258 0.076
77 51.75186157226562 0.077
78 51.73514556884766 0.078
79 51.71421051025391 0.079
80 51.6891975402832 0.08
81 51.66031646728516 0.081
82 51.62776184082031 0.082
83 51.59171295166016 0.083
84 51.55245971679688 0.08400000000000001
85 51.51041412353516 0.08500000000000001
86 51.46592712402344 0.08600000000000001
87 51.41938781738281 0.08700000000000001
88 51.37118530273438 0.08799999999999999
89 51.32162475585938 0.089
90 51.27109909057617 0.09
91 51.21998977661133 0.091
92 51.16867065429688 0.092
93 51.11746978759766 0.093
94 51.06675720214844 0.094
95 51.01689910888672 0.095
96 50.96819686889648 0.096
97 50.92091369628906 0.097
98 50.87519836425781 0.098
99 50.83119964599609 0.099
100 50.78906631469727 0.1
101 50.74917984008789 0.101
102 50.71163558959961 0.102
103 50.67646026611328 0.103
104 50.64363861083984 0.104
105 50.61318206787109 0.105
106 50.58510971069336 0.106
107 50.55938720703125 0.107
108 50.5359001159668 0.108
109 50.51458358764648 0.109
110 50.49533462524414 0.11
111 50.47801971435547 0.111
112 50.46247100830078 0.112
113 50.44852828979492 0.113
114 50.43600463867188 0.114
115 50.42472457885742 0.115
116 50.41447448730469 0.116
117 50.40508651733398 0.117
118 50.39642715454102 0.118
119 50.38835144042969 0.119
120 50.3807258605957 0.12
121 50.37339019775391 0.121
122 50.36618423461914 0.122
123 50.35895538330078 0.123
124 50.3515510559082 0.124
125 50.34384536743164 0.125
126 50.3357048034668 0.126
127 50.32703399658203 0.127
128 50.3177375793457 0.128
129 50.30773162841797 0.129
130 50.29698181152344 0.13
131 50.28542709350586 0.131
132 50.27305221557617 0.132
133 50.25984191894531 0.133
134 50.24577713012695 0.134
135 50.23088836669922 0.135
136 50.21516799926758 0.136
137 50.19865036010742 0.137
138 50.18135070800781 0.138
139 50.16331100463867 0.139
140 50.14455795288086 0.14
141 50.12514114379883 0.141
142 50.1050910949707 0.142
143 50.08445739746094 0.143
144 50.06326675415039 0.144
145 50.04157638549805 0.145
146 50.0194091796875 0.146
147 49.99682998657227 0.147
148 49.973876953125 0.148
149 49.95060729980469 0.149
150 49.92706298828125 0.15
151 49.90328979492188 0.151
152 49.87936401367188 0.152
153 49.8553352355957 0.153
154 49.83125305175781 0.154
155 49.80718231201172 0.155
156 49.78313827514648 0.156
157 49.7591667175293 0.157
158 49.73532485961914 0.158
159 49.71161651611328 0.159
160 49.68809127807617 0.16
161 49.66476821899414 0.161
162 49.64168930053711 0.162
163 49.61888885498047 0.163
164 49.59640121459961 0.164
165 49.57427215576172 0.165
166 49.55251693725586 0.166
167 49.53114318847656 0.167
168 49.51018524169922 0.168
169 49.48965454101562 0.169
170 49.47123336791992 0.17
171 49.45317459106445 0.171
172 49.43545150756836 0.172
173 49.41806030273438 0.173
174 49.40101623535156 0.174
175 49.38432312011719 0.175
176 49.36797714233398 0.176
177 49.35200119018555 0.177
178 49.33640289306641 0.178
179 49.3211669921875 0.179
180 49.30629730224609 0.18
181 49.29178619384766 0.181
182 49.27762985229492 0.182
183 49.2638053894043 0.183
184 49.25030899047852 0.184
185 49.23713684082031 0.185
186 49.22426223754883 0.186
187 49.21170043945312 0.187
188 49.19941329956055 0.188
189 49.18740844726562 0.189
190 49.1756591796875 0.19
191 49.16417694091797 0.191
192 49.15291595458984 0.192
193 49.14190673828125 0.193
194 49.13111114501953 0.194
195 49.12054443359375 0.195
196 49.11019134521484 0.196
197 49.10005950927734 0.197
198 49.09015274047852 0.198
199 49.08044052124023 0.199
200 49.07094192504883 0.2
201 49.06165313720703 0.201
202 49.05256271362305 0.202
203 49.043701171875 0.203
204 49.03505325317383 0.204
205 49.0266227722168 0.205
206 49.01840972900391 0.206
207 49.01041030883789 0.207
208 49.00261306762695 0.208
209 48.99502563476562 0.209
210 48.98765563964844 0.21
211 48.98048782348633 0.211
212 48.97351455688477 0.212
213 48.96672439575195 0.213
214 48.96009063720703 0.214
215 48.95359420776367 0.215
216 48.94723129272461 0.216
217 48.94097900390625 0.217
218 48.93482208251953 0.218
219 48.92875289916992 0.219
220 48.92276000976562 0.22
221 48.91683578491211 0.221
222 48.91096878051758 0.222
223 48.90517425537109 0.223
224 48.89945220947266 0.224
225 48.893798828125 0.225
226 48.88821411132812 0.226
227 48.88271331787109 0.227
228 48.87728118896484 0.228
229 48.87192916870117 0.229
230 48.86665344238281 0.23
231 48.86144256591797 0.231
232 48.85628890991211 0.232
233 48.8512077331543 0.233
234 48.84618759155273 0.234
235 48.84122085571289 0.235
236 48.83629608154297 0.236
237 48.83143997192383 0.237
238 48.82662582397461 0.238
239 48.82187271118164 0.239
240 48.81718063354492 0.24
241 48.81255340576172 0.241
242 48.8079833984375 0.242
243 48.80345916748047 0.243
244 48.79897308349609 0.244
245 48.79454803466797 0.245
246 48.79016876220703 0.246
247 48.78587341308594 0.247
248 48.78165435791016 0.248
249 48.77756881713867 0.249
250 48.77360916137695 0.25
251 48.76980972290039 0.251
252 48.76617813110352 0.252
253 48.76272583007812 0.253
254 48.75946426391602 0.254
255 48.75643157958984 0.255
256 48.75364685058594 0.256
257 48.75116348266602 0.257
258 48.74898529052734 0.258
259 48.74709320068359 0.259
260 48.74549102783203 0.26
261 48.74411392211914 0.261
262 48.74299240112305 0.262
263 48.74214935302734 0.263
264 48.74160766601562 0.264
265 48.74138641357422 0.265
266 48.74151611328125 0.266
267 48.74201583862305 0.267
268 48.74289321899414 0.268
269 48.74417877197266 0.269
270 48.74588012695312 0.27
271 48.7480354309082 0.271
272 48.75062942504883 0.272
273 48.75372314453125 0.273
274 48.75729370117188 0.274
275 48.7613525390625 0.275
276 48.76594161987305 0.276
277 48.77101898193359 0.277
278 48.77658843994141 0.278
279 48.78264617919922 0.279
280 48.78916931152344 0.28
281 48.7961540222168 0.281
282 48.80358505249023 0.282
283 48.81149673461914 0.283
284 48.81999969482422 0.284
285 48.8290901184082 0.285
286 48.83873748779297 0.286
287 48.84889602661133 0.287
288 48.85953140258789 0.288
289 48.87060928344727 0.289
290 48.88206100463867 0.29
291 48.89393997192383 0.291
292 48.90628814697266 0.292
293 48.91911697387695 0.293
294 48.93246078491211 0.294
295 48.94629287719727 0.295
296 48.96064376831055 0.296
297 48.9754753112793 0.297
298 48.99079895019531 0.298
299 49.0066032409668 0.299
300 49.02286148071289 0.3
301 49.03956604003906 0.301
302 49.05669784545898 0.302
303 49.07423400878906 0.303
304 49.09213256835938 0.304
305 49.11037445068359 0.305
306 49.12894439697266 0.306
307 49.1478157043457 0.307
308 49.16696548461914 0.308
309 49.18636322021484 0.309
310 49.20600509643555 0.31
311 49.22585296630859 0.311
312 49.24591827392578 0.312
313 49.26615905761719 0.313
314 49.28659820556641 0.314
315 49.30719757080078 0.315
316 49.32794570922852 0.316
317 49.34881591796875 0.317
318 49.36977005004883 0.318
319 49.39078903198242 0.319
320 49.41183090209961 0.32
321 49.43288421630859 0.321
322 49.45394515991211 0.322
323 49.47499465942383 0.323
324 49.49602127075195 0.324
325 49.51702880859375 0.325
326 49.53797912597656 0.326
327 49.55886840820312 0.327
328 49.5797004699707 0.328
329 49.60046005249023 0.329
330 49.62114334106445 0.33
331 49.64175033569336 0.331
332 49.66226577758789 0.332
333 49.68270874023438 0.333
334 49.70305633544922 0.334
335 49.72325897216797 0.335
336 49.7433967590332 0.336
337 49.76348114013672 0.337
338 49.78352355957031 0.338
339 49.80351257324219 0.339
340 49.82346343994141 0.34
341 49.84337615966797 0.341
342 49.86326599121094 0.342
343 49.88314056396484 0.343
344 49.90300369262695 0.344
345 49.92284393310547 0.345
346 49.94264984130859 0.346
347 49.9624137878418 0.347
348 49.98212432861328 0.348
349 50.00174331665039 0.349
350 50.02128219604492 0.35
351 50.04072189331055 0.351
352 50.06007766723633 0.352
353 50.07933044433594 0.353
354 50.09850311279297 0.354
355 50.11758804321289 0.355
356 50.13658905029297 0.356
357 50.1555061340332 0.357
358 50.17433166503906 0.358
359 50.19304656982422 0.359
360 50.21164703369141 0.36
361 50.23012542724609 0.361
362 50.24849319458008 0.362
363 50.26673889160156 0.363
364 50.28485870361328 0.364
365 50.3028450012207 0.365
366 50.32069778442383 0.366
367 50.3383903503418 0.367
368 50.35593795776367 0.368
369 50.37331008911133 0.369
370 50.39050674438477 0.37
371 50.40751266479492 0.371
372 50.42433166503906 0.372
373 50.44094467163086 0.373
374 50.45733642578125 0.374
375 50.4735107421875 0.375
376 50.48945999145508 0.376
377 50.50516891479492 0.377
378 50.5206298828125 0.378
379 50.53583526611328 0.379
380 50.55077362060547 0.38
381 50.56541442871094 0.381
382 50.57977676391602 0.382
383 50.59383773803711 0.383
384 50.60758972167969 0.384
385 50.62102127075195 0.385
386 50.63412094116211 0.386
387 50.64687347412109 0.387
388 50.6592903137207 0.388
389 50.67136764526367 0.389
390 50.68312072753906 0.39
391 50.69454193115234 0.391
392 50.70562362670898 0.392
393 50.71634674072266 0.393
394 50.7266960144043 0.394
395 50.73666763305664 0.395
396 50.74625015258789 0.396
397 50.75545120239258 0.397
398 50.76427459716797 0.398
399 50.772705078125 0.399
400 50.78075790405273 0.4
401 50.78842926025391 0.401
402 50.79572296142578 0.402
403 50.80264663696289 0.403
404 50.80920028686523 0.404
405 50.81538772583008 0.405
406 50.82122421264648 0.406
407 50.82671356201172 0.407
408 50.83185958862305 0.408
409 50.83667755126953 0.409
410 50.84117126464844 0.41
411 50.84535217285156 0.411
412 50.8492317199707 0.412
413 50.85283279418945 0.413
414 50.85615539550781 0.414
415 50.85920333862305 0.415
416 50.86198806762695 0.416
417 50.86450958251953 0.417
418 50.86678695678711 0.418
419 50.86881637573242 0.419
420 50.8706169128418 0.42
421 50.87218475341797 0.421
422 50.87353515625 0.422
423 50.87466430664062 0.423
424 50.87559509277344 0.424
425 50.87630844116211 0.425
426 50.87683868408203 0.426
427 50.87715911865234 0.427
428 50.87728118896484 0.428
429 50.8772087097168 0.429
430 50.87696075439453 0.43
431 50.87653350830078 0.431
432 50.87592697143555 0.432
433 50.87516784667969 0.433
434 50.87424850463867 0.434
435 50.87318801879883 0.435
436 50.87199401855469 0.436
437 50.87068176269531 0.437
438 50.8692626953125 0.438
439 50.86774444580078 0.439
440 50.86613845825195 0.44
441 50.86445999145508 0.441
442 50.86270523071289 0.442
443 50.86088562011719 0.443
444 50.85901641845703 0.444
445 50.85709381103516 0.445
446 50.85513305664062 0.446
447 50.85314559936523 0.447
448 50.85113525390625 0.448
449 50.84910202026367 0.449
450 50.84706878662109 0.45
451 50.84502410888672 0.451
452 50.84299850463867 0.452
453 50.84096145629883 0.453
454 50.83893966674805 0.454
455 50.83692932128906 0.455
456 50.83494567871094 0.456
457 50.83300018310547 0.457
458 50.83109283447266 0.458
459 50.8292350769043 0.459
460 50.82743453979492 0.46
461 50.82569122314453 0.461
462 50.82402038574219 0.462
463 50.82241439819336 0.463
464 50.82088851928711 0.464
465 50.81943893432617 0.465
466 50.81807327270508 0.466
467 50.81678771972656 0.467
468 50.81559371948242 0.468
469 50.81448364257812 0.469
470 50.8134651184082 0.47
471 50.81253814697266 0.471
472 50.81171035766602 0.472
473 50.81097793579102 0.473
474 50.81034088134766 0.474
475 50.80980682373047 0.475
476 50.80938720703125 0.476
477 50.80907440185547 0.477
478 50.80886077880859 0.478
479 50.80876541137695 0.479
480 50.80878448486328 0.48
481 50.80891036987305 0.481
482 50.80914688110352 0.482
483 50.80950164794922 0.483
484 50.80999374389648 0.484
485 50.81061553955078 0.485
486 50.81138610839844 0.486
487 50.81230926513672 0.487
488 50.81338882446289 0.488
489 50.81462097167969 0.489
490 50.81600952148438 0.49
491 50.81754684448242 0.491
492 50.81921768188477 0.492
493 50.82105255126953 0.493
494 50.82301712036133 0.494
495 50.82512283325195 0.495
496 50.82735443115234 0.496
497 50.82971954345703 0.497
498 50.83220672607422 0.498
499 50.83481979370117 0.499
500 50.83755874633789 0.5
